Open Watcom Linker Version 2.0 beta Mar  2 2020 16:36:46 (32-bit)
Copyright (c) 2002-2020 The Open Watcom Contributors. All Rights Reserved.
Portions Copyright (c) 1985-2002 Sybase, Inc. All Rights Reserved.
Created on:       20/03/15 12:53:28
Executable Image: D:\ideafarm.work\exe\adam.exe
creating a Windows NT character-mode executable


                        +------------+
                        |   Groups   |
                        +------------+

Group                           Address              Size
=====                           =======              ====

.idata                          00406000             000003ca
DGROUP                          00407000             0000178d



                        +--------------+
                        |   Segments   |
                        +--------------+

Segment                Class          Group          Address         Size
=======                =====          =====          =======         ====

BEGTEXT                CODE           AUTO           00401000        00000007
_TEXT                  CODE           AUTO           00401010        00004012
TRANSFER CODE          CODE           AUTO           00405024        000000b4
.idata                 .idata         .idata         00406000        000003ca
_NULL                  BEGDATA        DGROUP         00407000        00000004
_AFTERNULL             BEGDATA        DGROUP         00407004        00000000
CONST                  DATA           DGROUP         00407004        00000000
CONST2                 DATA           DGROUP         00407010        00000000
_DATA                  DATA           DGROUP         00407010        0000025c
XIB                    DATA           DGROUP         0040726c        00000000
XI                     DATA           DGROUP         0040726c        00000024
XIE                    DATA           DGROUP         00407290        00000000
YIB                    DATA           DGROUP         00407290        00000000
YI                     DATA           DGROUP         00407290        00000018
YIE                    DATA           DGROUP         004072a8        00000000
TIB                    DATA           DGROUP         004072a8        00000000
TI                     DATA           DGROUP         004072a8        00000000
TIE                    DATA           DGROUP         004072a8        00000000
DATA                   DATA           DGROUP         004072a8        00000000
_BSS                   BSS            DGROUP         00408000        0000078d


                        +----------------+
                        |   Memory Map   |
                        +----------------+

* = unreferenced symbol
+ = symbol only referenced locally

Address        Symbol
=======        ======

Module: adam.obj(d:\ideafarm.home.1\precious\domains\com\ideafarm\city\workshop\adam\adam.cpp)
00401010       main_
Module: t:\watcom\lib386\nt\clib3r.lib(stkwnt.asm)
00401065       __CHK
00401075*      __STK
004010a4*      __GRO
00401095*      __STKOVERFLOW_
004010c4*      __alloca_probe
Module: t:\watcom\lib386\nt\clib3r.lib(cstrtwnt)
004010d8       _cstart_
004010d8*      mainCRTStartup
Module: t:\watcom\lib386\nt\clib3r.lib(argcv.c)
00408000       __argc
00408004       __argv
00408008       ___argv
0040800c       ___argc
Module: t:\watcom\lib386\nt\plib3r.lib(fsroot.cpp)
00407278       ___wcpp_4_data_init_fs_root_
Module: t:\watcom\lib386\nt\clib3r.lib(xmsg.c)
00401180*      __exit_with_msg_
004011e0       __fatal_runtime_error_
Module: t:\watcom\lib386\nt\clib3r.lib(snglthrd.c)
00407020       ___FirstThreadData
00407024       ___GetThreadPtr
Module: t:\watcom\lib386\nt\clib3r.lib(main2wnt.c)
00401210       __NTMain
Module: t:\watcom\lib386\nt\clib3r.lib(segdefns)
00401003       ___begtext
00407000*      __nullarea
0040726c       __Start_XI
00407290       __End_XI
00407290       __Start_YI
004072a8       __End_YI
Module: t:\watcom\lib386\nt\clib3r.lib(initargv.c)
00401410       __Init_Argv_
00401460       __Fini_Argv_
Module: t:\watcom\lib386\nt\plib3r.lib(cppdata.cpp)
00408014       __wint_thread_data
00408038*      __compiled_under_NT
Module: t:\watcom\lib386\nt\clib3r.lib(mainwnt.c)
00407028*      ___TlsIndex
0040702c       __AccessFileH
00407030       __ReleaseFileH
00407034       __AccessIOB
00407038       __ReleaseIOB
0040703c       __AccessNHeap
00407040*      __AccessFHeap
00407044       __ReleaseNHeap
00407048*      __ReleaseFHeap
0040704c*      __AccessTDList
00407050*      __ReleaseTDList
004014d0*      __threadid_
004014f0+      __NTInit_
00401710+      __NTFini_
00401790       __NTMainInit_
004017f0       __exit_
00407054       __AccessFList
00407058       __ReleaseFList
0040705c+      __ThreadExitRtn
00407060       ___sig_init_rtn
00407064       ___sig_fini_rtn
00407068       ___process_fini
00408044       ___Is_DLL
Module: t:\watcom\lib386\nt\clib3r.lib(enterdb.c)
00401840       __EnterWVIDEO_
0040706c+      ___WD_Present
Module: t:\watcom\lib386\nt\clib3r.lib(initrtns.c)
00401880       __InitRtns
004018d0       __FiniRtns
Module: t:\watcom\lib386\nt\clib3r.lib(mthrdini.c)
00401930       __InitThreadData_
00407070       ___ThreadDataSize
Module: t:\watcom\lib386\nt\clib3r.lib(memset.c)
00401960       memset_
Module: t:\watcom\lib386\nt\clib3r.lib(cmain386.c)
00401980       __CMain
Module: t:\watcom\lib386\nt\clib3r.lib(dosseg)
00001234       __DOSseg__
Module: t:\watcom\lib386\nt\clib3r.lib(nmalloc.c)
004019c0       _nmalloc_
004019c0       malloc_
00407074       ___nheapbeg
00407078       ___MiniHeapRover
0040707c       ___LargestSizeB4MiniHeapRover
Module: t:\watcom\lib386\nt\clib3r.lib(crwdata)
004070c1       __osmajor
004070c2       __osminor
00407088       __LpCmdLine
0040708c       __LpPgmName
00407080*      __dynend
00407084       __curbrk
004070b0*      __cbyte
004070b4*      __cbyte2
004070b8*      __child
004070bd       __Envptr
004070c3       __osbuild
004070c5       __osver
004070c9       __winmajor
004070cd       __winminor
004070d1       __winver
00407090       __LpDllName
00407094       __LpwCmdLine
00407098       __LpwPgmName
0040709c       __LpwDllName
004070a0*      __STACKLOW
004070a4       __STACKTOP
004070a8       __ASTACKSIZ
004070ac       __ASTACKPTR
004070bc*      __no87
004070d5       ___FPE_handler
Module: t:\watcom\lib386\nt\clib3r.lib(histsplt.c)
00408660       ___historical_splitparms
Module: t:\watcom\lib386\nt\clib3r.lib(___argc.c)
00408664       ____Argc
00408668       ____Argv
Module: t:\watcom\lib386\nt\clib3r.lib(nfree.c)
00401ab0       _nfree_
00401ab0       free_
0040866c       ___MiniHeapFreeRover
Module: t:\watcom\lib386\nt\clib3r.lib(hdlman.c)
004070dc+      ___NHandles
00401bb0+      __growPOSIXHandles_
00401c50+      __allocPOSIXHandle_
00401d10*      __freePOSIXHandle_
00401d30       __getOSHandle_
00401d40       __setOSHandle_
00401d90+      __NTGetFakeHandle_
00401e00       __initPOSIXHandles_
00401ee0*      __set_handles_
00401ef0*      _grow_handles_
Module: t:\watcom\lib386\nt\clib3r.lib(environ.c)
00408670       ___env_mask
00408674       _environ
00408678       __wenviron
Module: t:\watcom\lib386\nt\clib3r.lib(getmodfn.c)
00401f30       __lib_GetModuleFileNameW_
Module: t:\watcom\lib386\nt\clib3r.lib(strdup.c)
00401fd0       __clib_strdup_
00401fd0*      strdup_
Module: t:\watcom\lib386\nt\clib3r.lib(istable.c)
00402010       __IsTable
Module: t:\watcom\lib386\nt\clib3r.lib(ustrdup.c)
00402111       __clib_wcsdup_
00402111*      _wcsdup_
Module: t:\watcom\lib386\nt\clib3r.lib(uisspace.c)
00402138       iswspace_
Module: t:\watcom\lib386\nt\clib3r.lib(excptwnt.c)
004027c0+      ___ReportException@4
00402c10       __DefaultExceptionHandler_
00402c50+      ___ExceptionFilter
00402e60       __NewExceptionFilter_
00402e90       __DoneExceptionFilter_
004070f0       ___oscode_check_func
004070f4       ___raise_func
0040867c*      _sw
00408680+      ___ReportInvoked
00408681+      ___ExceptionHandled
Module: t:\watcom\lib386\nt\clib3r.lib(stklmwnt.c)
00402ed0       __init_stack_limits_
Module: t:\watcom\lib386\nt\clib3r.lib(__stos.asm)
00402f40       __STOSB
00402f7a*      __STOSD
Module: t:\watcom\lib386\nt\clib3r.lib(cinit.c)
00402ff0       __CommonInit_
Module: t:\watcom\lib386\nt\clib3r.lib(exit.c)
00402ff1+      __null_int23_exit_
00402ff2       exit_
00403040*      _exit_
004070f8+      ___int23_exit
004070fc+      ___FPE_handler_exit
Module: t:\watcom\lib386\nt\clib3r.lib(mem.c)
00403060       __MemAllocator
00403110       __MemFree
Module: t:\watcom\lib386\nt\clib3r.lib(nmemneed.c)
00403250       __nmemneed_
Module: t:\watcom\lib386\nt\clib3r.lib(grownear.c)
004033a0       __ExpandDGROUP_
Module: t:\watcom\lib386\nt\clib3r.lib(nrealloc.c)
004033e0*      _nrealloc_
004033e0       realloc_
Module: t:\watcom\lib386\nt\clib3r.lib(iomode.c)
00403460       __GetIOMode_
00403480*      __SetIOMode_nogrow_
00407100       ___NFiles
00407104       ___init_mode
00407154       ___io_mode
Module: t:\watcom\lib386\nt\clib3r.lib(stiomode.c)
004034a0       __grow_iomode_
00403570+      __shrink_iomode_
004035b0       __SetIOMode_
Module: t:\watcom\lib386\nt\clib3r.lib(setenvp.c)
00403630       __setenvp_
00403700       __freeenvp_
Module: t:\watcom\lib386\nt\clib3r.lib(ustrlen.c)
0040374d       wcslen_
Module: t:\watcom\lib386\nt\clib3r.lib(memcpy.c)
00403760       memcpy_
Module: t:\watcom\lib386\nt\clib3r.lib(alphabet.c)
00403780       ___Alphabet
Module: t:\watcom\lib386\nt\clib3r.lib(conutwnt.c)
004037c0*      __NTRealKey_
00403870*      __NTConsoleInput_
00403880       __NTConsoleOutput_
Module: t:\watcom\lib386\nt\clib3r.lib(fclex387.c)
00403890       _ClearFPE_
Module: t:\watcom\lib386\nt\clib3r.lib(signlwnt.c)
00403aa0       __sigfpe_handler_
00403af0*      signal_
00403b80+      raise_
Module: t:\watcom\lib386\nt\clib3r.lib(amblksiz.c)
004071cc       __amblksiz
Module: t:\watcom\lib386\nt\clib3r.lib(nheapmin.c)
00403ca0*      _nheapshrink_
00403ca0*      _nheapmin_
00403ca0*      _heapmin_
00403ca0*      _heapshrink_
00403ce0       __nheapshrink_
Module: t:\watcom\lib386\nt\clib3r.lib(heapen.c)
00403d30*      _heapenable_
004071d0       ___heap_enabled
Module: t:\watcom\lib386\nt\clib3r.lib(nmsize.c)
00403d60       _nmsize_
00403d60*      _msize_
Module: t:\watcom\lib386\nt\clib3r.lib(nexpand.c)
00403d70       _nexpand_
00403d70*      _expand_
Module: t:\watcom\lib386\nt\clib3r.lib(iomodtty.c)
00403da0       __ChkTTYIOMode_
00403de0*      __IOMode_
Module: t:\watcom\lib386\nt\clib3r.lib(dofilstr.c)
00403e20       __ParsePosixHandleStr_
Module: t:\watcom\lib386\nt\clib3r.lib(clearenv.c)
00403f40       clearenv_
Module: t:\watcom\lib386\nt\clib3r.lib(abort.c)
00403fe5*      abort_
00403ff9       __terminate_
004071d4       ___abort
Module: t:\watcom\lib386\nt\clib3r.lib(nheapunl.c)
00404010       __UnlinkNHeap_
Module: t:\watcom\lib386\nt\clib3r.lib(_expand.c)
00404070       __HeapManager_expand_
Module: t:\watcom\lib386\nt\clib3r.lib(isattwnt.c)
004041b0       isatty_
Module: t:\watcom\lib386\nt\clib3r.lib(getenv.c)
004041d0       getenv_
Module: t:\watcom\lib386\nt\clib3r.lib(strncpy.c)
00404270       strncpy_
Module: t:\watcom\lib386\nt\clib3r.lib(strtol.c)
004044c0*      strtoul_
004044d0       strtol_
Module: t:\watcom\lib386\nt\clib3r.lib(putenv.c)
004044e0       putenv_
Module: t:\watcom\lib386\nt\clib3r.lib(mbterm.c)
00404690       _mbterm_
Module: t:\watcom\lib386\nt\clib3r.lib(mbsnextc.c)
004046d0       _mbsnextc_
Module: t:\watcom\lib386\nt\clib3r.lib(mbcupper.c)
00404710       _mbctoupper_
Module: t:\watcom\lib386\nt\clib3r.lib(mbsinc.c)
00404740       _mbsinc_
Module: t:\watcom\lib386\nt\clib3r.lib(tolower.c)
0040476d       tolower_
Module: t:\watcom\lib386\nt\clib3r.lib(mbschr.c)
00404780       _mbschr_
Module: t:\watcom\lib386\nt\clib3r.lib(mbslen.c)
004047e0       _mbslen_
Module: t:\watcom\lib386\nt\clib3r.lib(_putenv.c)
00404810       __putenv_
Module: t:\watcom\lib386\nt\clib3r.lib(mbstowcs.c)
004048a0       mbstowcs_
Module: t:\watcom\lib386\nt\clib3r.lib(_uputenv.c)
00404920       __wputenv_
Module: t:\watcom\lib386\nt\clib3r.lib(mbisdbcs.c)
00407264       ___IsDBCS
Module: t:\watcom\lib386\nt\clib3r.lib(mbislead.c)
00404990*      _ismbblead_
0040868c       ___MBCSIsTable
Module: t:\watcom\lib386\nt\clib3r.lib(mbconv.c)
004049b0       _mbvtop_
Module: t:\watcom\lib386\nt\clib3r.lib(mbclen.c)
004049d0       _mbclen_
Module: t:\watcom\lib386\nt\clib3r.lib(mbccmp.c)
00404a00       _mbccmp_
Module: t:\watcom\lib386\nt\clib3r.lib(_findenv.c)
00404b80       __findenv_
Module: t:\watcom\lib386\nt\clib3r.lib(mbtowc.c)
00404ca0       mbtowc_
Module: t:\watcom\lib386\nt\clib3r.lib(_ufinden.c)
00404df0       __wfindenv_
Module: t:\watcom\lib386\nt\clib3r.lib(mbinit.c)
00404ef8       __mbinit_
00407268       ___MBCodePage
Module: t:\watcom\lib386\nt\clib3r.lib(memmove.c)
00404fc0       memmove_
Module: t:\watcom\lib386\nt\clib3r.lib(utoupper.c)
00405012       towupper_


                        +----------------------+
                        |   Imported Symbols   |
                        +----------------------+

Symbol                              Module
======                              ======

W?threadLocalStorageNoTlsF$N(UIPN(UI)UIUIUIPNPNXAUIUIPNAUI)UI ideafarm.81000001.ipdos-wm
_GetStdHandle@4                     KERNEL32.DLL
_WriteFile@20                       KERNEL32.DLL
_GetVersion@0                       KERNEL32.DLL
_GetModuleHandleA@4                 KERNEL32.DLL
_GetProcAddress@8                   KERNEL32.DLL
_GetModuleFileNameA@12              KERNEL32.DLL
_GetCommandLineA@0                  KERNEL32.DLL
_GetCommandLineW@0                  KERNEL32.DLL
_ExitProcess@4                      KERNEL32.DLL
_GetCurrentThreadId@0               KERNEL32.DLL
_SetStdHandle@8                     KERNEL32.DLL
_CreateEventA@16                    KERNEL32.DLL
_CloseHandle@4                      KERNEL32.DLL
_GetModuleFileNameW@12              KERNEL32.DLL
_MultiByteToWideChar@24             KERNEL32.DLL
_LoadLibraryA@4                     KERNEL32.DLL
_SetUnhandledExceptionFilter@4      KERNEL32.DLL
_UnhandledExceptionFilter@4         KERNEL32.DLL
_VirtualQuery@12                    KERNEL32.DLL
_VirtualAlloc@16                    KERNEL32.DLL
_CreateFileA@28                     KERNEL32.DLL
_SetConsoleCtrlHandler@8            KERNEL32.DLL
_VirtualFree@12                     KERNEL32.DLL
_GetFileType@4                      KERNEL32.DLL
_SetEnvironmentVariableA@8          KERNEL32.DLL
_CharUpperA@4                       USER32.DLL
_GetACP@0                           KERNEL32.DLL
_GetOEMCP@0                         KERNEL32.DLL
_GetCPInfo@8                        KERNEL32.DLL


                        +--------------------+
                        |   Libraries Used   |
                        +--------------------+

t:\watcom\lib386\nt\kernel32.lib
t:\watcom\lib386\nt\user32.lib
D:\ideafarm.home.1\ephemeral\domains\com\ideafarm\city\park\exedll\1\master\ideafarm.81000001.ipdos-wl
t:\watcom\lib386\nt\plib3r.lib
t:\watcom\lib386\nt\clib3r.lib


                        +-----------------------+
                        |   Linker Statistics   |
                        +-----------------------+

Stack size:  00100000 (1048576.)
Memory size:  5c2f (23599.)
Entry point address: 004010d8
Link time: 00:00.72
