Open Watcom Linker Version 2.0 beta Jun  3 2018 17:07:56 (32-bit)
Copyright (c) 2002-2018 The Open Watcom Contributors. All Rights Reserved.
Portions Copyright (c) 1985-2002 Sybase, Inc. All Rights Reserved.
Created on:       20/05/19 13:34:42
Executable Image: d:\ideafarm.home.1\ephemeral\domains\com\ideafarm\city\workshop\exe\adam.exe
creating a Windows NT character-mode executable


                        +------------+
                        |   Groups   |
                        +------------+

Group                           Address              Size
=====                           =======              ====

.idata                          00406000             000003ca
DGROUP                          00407000             0000178d



                        +--------------+
                        |   Segments   |
                        +--------------+

Segment                Class          Group          Address         Size
=======                =====          =====          =======         ====

BEGTEXT                CODE           AUTO           00401000        00000007
_TEXT                  CODE           AUTO           00401010        000040b3
TRANSFER CODE          CODE           AUTO           004050c4        000000b4
.idata                 .idata         .idata         00406000        000003ca
_NULL                  BEGDATA        DGROUP         00407000        00000004
_AFTERNULL             BEGDATA        DGROUP         00407004        00000000
CONST                  DATA           DGROUP         00407004        00000000
CONST2                 DATA           DGROUP         00407010        00000000
_DATA                  DATA           DGROUP         00407010        0000025c
XIB                    DATA           DGROUP         0040726c        00000000
XI                     DATA           DGROUP         0040726c        00000024
XIE                    DATA           DGROUP         00407290        00000000
YIB                    DATA           DGROUP         00407290        00000000
YI                     DATA           DGROUP         00407290        00000018
YIE                    DATA           DGROUP         004072a8        00000000
TIB                    DATA           DGROUP         004072a8        00000000
TI                     DATA           DGROUP         004072a8        00000000
TIE                    DATA           DGROUP         004072a8        00000000
DATA                   DATA           DGROUP         004072a8        00000000
_BSS                   BSS            DGROUP         00408000        0000078d


                        +----------------+
                        |   Memory Map   |
                        +----------------+

* = unreferenced symbol
+ = symbol only referenced locally

Address        Symbol
=======        ======

Module: adam.obj(d:\ideafarm.home.1\precious\domains\com\ideafarm\city\workshop\adam\adam.cpp)
00401010       main_
Module: d:\ideafarm.home.1\precious\domains\com\ideafarm\city\workshop\watcom\lib386\nt\clib3r.lib(stkwnt.asm)
00401065       __CHK
00401075*      __STK
004010a4*      __GRO
00401094*      __STKOVERFLOW_
004010c4*      __alloca_probe
Module: d:\ideafarm.home.1\precious\domains\com\ideafarm\city\workshop\watcom\lib386\nt\clib3r.lib(cstrtwnt)
004010d8       _cstart_
004010d8*      mainCRTStartup
Module: d:\ideafarm.home.1\precious\domains\com\ideafarm\city\workshop\watcom\lib386\nt\clib3r.lib(argcv.c)
00408000       __argc
00408004       __argv
00408008       ___argc
0040800c       ___argv
Module: d:\ideafarm.home.1\precious\domains\com\ideafarm\city\workshop\watcom\lib386\nt\plib3r.lib(fsroot.cpp)
00407278       ___wcpp_4_data_init_fs_root_
Module: d:\ideafarm.home.1\precious\domains\com\ideafarm\city\workshop\watcom\lib386\nt\clib3r.lib(xmsgwnt.c)
00401180*      __exit_with_msg_
004011e0       __fatal_runtime_error_
Module: d:\ideafarm.home.1\precious\domains\com\ideafarm\city\workshop\watcom\lib386\nt\clib3r.lib(snglthrd.c)
00407020       ___FirstThreadData
00407024       ___GetThreadPtr
Module: d:\ideafarm.home.1\precious\domains\com\ideafarm\city\workshop\watcom\lib386\nt\clib3r.lib(main2wnt.c)
00401210       __NTMain
Module: d:\ideafarm.home.1\precious\domains\com\ideafarm\city\workshop\watcom\lib386\nt\clib3r.lib(segdefns)
00401003       ___begtext
00407000*      __nullarea
0040726c       __Start_XI
00407290       __End_XI
00407290       __Start_YI
004072a8       __End_YI
Module: d:\ideafarm.home.1\precious\domains\com\ideafarm\city\workshop\watcom\lib386\nt\clib3r.lib(initargv.c)
00401410       __Init_Argv_
00401460       __Fini_Argv_
Module: d:\ideafarm.home.1\precious\domains\com\ideafarm\city\workshop\watcom\lib386\nt\plib3r.lib(cppdata.cpp)
00408014       __wint_thread_data
00408038*      __compiled_under_NT
Module: d:\ideafarm.home.1\precious\domains\com\ideafarm\city\workshop\watcom\lib386\nt\clib3r.lib(mainwnt.c)
00407028*      ___TlsIndex
0040702c       __AccessFileH
00407030       __ReleaseFileH
00407034       __AccessIOB
00407038       __ReleaseIOB
0040703c       __AccessNHeap
00407040*      __AccessFHeap
00407044       __ReleaseNHeap
00407048*      __ReleaseFHeap
0040704c*      __AccessTDList
00407050*      __ReleaseTDList
004014d0*      __threadid_
004014f0+      __NTInit_
00401710+      __NTFini_
00401790       __NTMainInit_
004017f0       __exit_
00407054       __AccessFList
00407058       __ReleaseFList
0040705c+      __ThreadExitRtn
00407060       ___sig_init_rtn
00407064       ___sig_fini_rtn
00407068       ___process_fini
00408044       ___Is_DLL
Module: d:\ideafarm.home.1\precious\domains\com\ideafarm\city\workshop\watcom\lib386\nt\clib3r.lib(enterdb.c)
00401840       __EnterWVIDEO_
0040706c+      ___WD_Present
Module: d:\ideafarm.home.1\precious\domains\com\ideafarm\city\workshop\watcom\lib386\nt\clib3r.lib(initrtns.c)
00401880       __InitRtns
004018d0       __FiniRtns
Module: d:\ideafarm.home.1\precious\domains\com\ideafarm\city\workshop\watcom\lib386\nt\clib3r.lib(mthrdini.c)
00401930       __InitThreadData_
00407070       ___ThreadDataSize
Module: d:\ideafarm.home.1\precious\domains\com\ideafarm\city\workshop\watcom\lib386\nt\clib3r.lib(memset.c)
00401960       memset_
Module: d:\ideafarm.home.1\precious\domains\com\ideafarm\city\workshop\watcom\lib386\nt\clib3r.lib(cmain386.c)
00401980       __CMain
Module: d:\ideafarm.home.1\precious\domains\com\ideafarm\city\workshop\watcom\lib386\nt\clib3r.lib(dosseg)
00001234       __DOSseg__
Module: d:\ideafarm.home.1\precious\domains\com\ideafarm\city\workshop\watcom\lib386\nt\clib3r.lib(nmalloc.c)
004019c0       _nmalloc_
004019c0       malloc_
00407074       ___nheapbeg
00407078       ___MiniHeapRover
0040707c       ___LargestSizeB4MiniHeapRover
Module: d:\ideafarm.home.1\precious\domains\com\ideafarm\city\workshop\watcom\lib386\nt\clib3r.lib(crwdata)
004070c1       __osmajor
004070c2       __osminor
00407088       __LpCmdLine
0040708c       __LpPgmName
00407080*      __dynend
00407084       __curbrk
004070b0*      __cbyte
004070b4*      __cbyte2
004070b8*      __child
004070bd       __Envptr
004070c3       __osbuild
004070c5       __osver
004070c9       __winmajor
004070cd       __winminor
004070d1       __winver
00407090       __LpDllName
00407094       __LpwCmdLine
00407098       __LpwPgmName
0040709c       __LpwDllName
004070a0*      __STACKLOW
004070a4       __STACKTOP
004070a8       __ASTACKSIZ
004070ac       __ASTACKPTR
004070bc*      __no87
004070d5       ___FPE_handler
Module: d:\ideafarm.home.1\precious\domains\com\ideafarm\city\workshop\watcom\lib386\nt\clib3r.lib(histsplt.c)
00408660       ___historical_splitparms
Module: d:\ideafarm.home.1\precious\domains\com\ideafarm\city\workshop\watcom\lib386\nt\clib3r.lib(___argc.c)
00408664       ____Argc
00408668       ____Argv
Module: d:\ideafarm.home.1\precious\domains\com\ideafarm\city\workshop\watcom\lib386\nt\clib3r.lib(nfree.c)
00401ac0       _nfree_
00401ac0       free_
0040866c       ___MiniHeapFreeRover
Module: d:\ideafarm.home.1\precious\domains\com\ideafarm\city\workshop\watcom\lib386\nt\clib3r.lib(hdlman.c)
004070dc+      ___NHandles
004070e0+      ___OSHandles
004070e4+      ___FakeHandles
00401bd0+      __growPOSIXHandles_
00401c70+      __allocPOSIXHandle_
00401d30*      __freePOSIXHandle_
00401d50       __getOSHandle_
00401d60       __setOSHandle_
00401db0+      __NTGetFakeHandle_
00401e20       __initPOSIXHandles_
00401f00*      __set_handles_
00401f10*      _grow_handles_
Module: d:\ideafarm.home.1\precious\domains\com\ideafarm\city\workshop\watcom\lib386\nt\clib3r.lib(environ.c)
00408670       ___env_mask
00408674       _environ
00408678       __wenviron
Module: d:\ideafarm.home.1\precious\domains\com\ideafarm\city\workshop\watcom\lib386\nt\clib3r.lib(getmodfn.c)
00401f50       __lib_GetModuleFileNameW_
Module: d:\ideafarm.home.1\precious\domains\com\ideafarm\city\workshop\watcom\lib386\nt\clib3r.lib(strdup.c)
00401ff0       __clib_strdup_
00401ff0*      strdup_
Module: d:\ideafarm.home.1\precious\domains\com\ideafarm\city\workshop\watcom\lib386\nt\clib3r.lib(istable.c)
00402030       __IsTable
Module: d:\ideafarm.home.1\precious\domains\com\ideafarm\city\workshop\watcom\lib386\nt\clib3r.lib(ustrdup.c)
00402131       __clib_wcsdup_
00402131*      _wcsdup_
Module: d:\ideafarm.home.1\precious\domains\com\ideafarm\city\workshop\watcom\lib386\nt\clib3r.lib(uisspace.c)
00402158       iswspace_
Module: d:\ideafarm.home.1\precious\domains\com\ideafarm\city\workshop\watcom\lib386\nt\clib3r.lib(excptwnt.c)
004027e0+      ___ReportException@4
00402c30       __DefaultExceptionHandler_
00402c70+      ___ExceptionFilter
00402e80       __NewExceptionFilter_
00402eb0       __DoneExceptionFilter_
004070f0       ___oscode_check_func
004070f4       ___raise_func
0040867c*      _sw
00408680+      ___ExceptionHandled
00408681+      ___ReportInvoked
Module: d:\ideafarm.home.1\precious\domains\com\ideafarm\city\workshop\watcom\lib386\nt\clib3r.lib(stklmwnt.c)
00402ef0       __init_stack_limits_
Module: d:\ideafarm.home.1\precious\domains\com\ideafarm\city\workshop\watcom\lib386\nt\clib3r.lib(__stos.asm)
00402f60       __STOSB
00402f97*      __STOSD
Module: d:\ideafarm.home.1\precious\domains\com\ideafarm\city\workshop\watcom\lib386\nt\clib3r.lib(cinit.c)
00403010       __CommonInit_
Module: d:\ideafarm.home.1\precious\domains\com\ideafarm\city\workshop\watcom\lib386\nt\clib3r.lib(exit.c)
00403011+      __null_int23_exit_
00403012       exit_
00403051*      _exit_
004070f8+      ___int23_exit
004070fc+      ___FPE_handler_exit
Module: d:\ideafarm.home.1\precious\domains\com\ideafarm\city\workshop\watcom\lib386\nt\clib3r.lib(mem.c)
00403070       __MemAllocator
00403130       __MemFree
Module: d:\ideafarm.home.1\precious\domains\com\ideafarm\city\workshop\watcom\lib386\nt\clib3r.lib(nmemneed.c)
00403280       __nmemneed_
Module: d:\ideafarm.home.1\precious\domains\com\ideafarm\city\workshop\watcom\lib386\nt\clib3r.lib(grownear.c)
004033d0       __ExpandDGROUP_
Module: d:\ideafarm.home.1\precious\domains\com\ideafarm\city\workshop\watcom\lib386\nt\clib3r.lib(nrealloc.c)
00403410*      _nrealloc_
00403410       realloc_
Module: d:\ideafarm.home.1\precious\domains\com\ideafarm\city\workshop\watcom\lib386\nt\clib3r.lib(iomode.c)
00403490       __GetIOMode_
004034b0*      __SetIOMode_nogrow_
00407100       ___NFiles
00407104       ___init_mode
00407154       ___io_mode
Module: d:\ideafarm.home.1\precious\domains\com\ideafarm\city\workshop\watcom\lib386\nt\clib3r.lib(stiomode.c)
004034d0       __grow_iomode_
004035a0+      __shrink_iomode_
004035e0       __SetIOMode_
Module: d:\ideafarm.home.1\precious\domains\com\ideafarm\city\workshop\watcom\lib386\nt\clib3r.lib(setenvp.c)
00403660       __setenvp_
00403730       __freeenvp_
Module: d:\ideafarm.home.1\precious\domains\com\ideafarm\city\workshop\watcom\lib386\nt\clib3r.lib(ustrlen.c)
0040377d       wcslen_
Module: d:\ideafarm.home.1\precious\domains\com\ideafarm\city\workshop\watcom\lib386\nt\clib3r.lib(memcpy.c)
00403790       memcpy_
Module: d:\ideafarm.home.1\precious\domains\com\ideafarm\city\workshop\watcom\lib386\nt\clib3r.lib(alphabet.c)
004037b0       ___Alphabet
Module: d:\ideafarm.home.1\precious\domains\com\ideafarm\city\workshop\watcom\lib386\nt\clib3r.lib(conutwnt.c)
004037f0*      __NTRealKey_
004038a0*      __NTConsoleInput_
004038b0       __NTConsoleOutput_
Module: d:\ideafarm.home.1\precious\domains\com\ideafarm\city\workshop\watcom\lib386\nt\clib3r.lib(fclex387.c)
004038c0       _ClearFPE_
Module: d:\ideafarm.home.1\precious\domains\com\ideafarm\city\workshop\watcom\lib386\nt\clib3r.lib(signlwnt.c)
00403ad0       __sigfpe_handler_
00403b20*      signal_
00403bb0+      raise_
Module: d:\ideafarm.home.1\precious\domains\com\ideafarm\city\workshop\watcom\lib386\nt\clib3r.lib(amblksiz.c)
004071cc       __amblksiz
Module: d:\ideafarm.home.1\precious\domains\com\ideafarm\city\workshop\watcom\lib386\nt\clib3r.lib(nheapmin.c)
00403cd0*      _nheapshrink_
00403cd0*      _nheapmin_
00403cd0*      _heapmin_
00403cd0*      _heapshrink_
00403d10       __nheapshrink_
Module: d:\ideafarm.home.1\precious\domains\com\ideafarm\city\workshop\watcom\lib386\nt\clib3r.lib(heapen.c)
00403d60*      _heapenable_
004071d0       ___heap_enabled
Module: d:\ideafarm.home.1\precious\domains\com\ideafarm\city\workshop\watcom\lib386\nt\clib3r.lib(nmsize.c)
00403d90       _nmsize_
00403d90*      _msize_
Module: d:\ideafarm.home.1\precious\domains\com\ideafarm\city\workshop\watcom\lib386\nt\clib3r.lib(nexpand.c)
00403da0       _nexpand_
00403da0*      _expand_
Module: d:\ideafarm.home.1\precious\domains\com\ideafarm\city\workshop\watcom\lib386\nt\clib3r.lib(iomodtty.c)
00403de0       __ChkTTYIOMode_
00403e20*      __IOMode_
Module: d:\ideafarm.home.1\precious\domains\com\ideafarm\city\workshop\watcom\lib386\nt\clib3r.lib(dofilstr.c)
00403e60       __ParsePosixHandleStr_
Module: d:\ideafarm.home.1\precious\domains\com\ideafarm\city\workshop\watcom\lib386\nt\clib3r.lib(clearenv.c)
00403f80       clearenv_
Module: d:\ideafarm.home.1\precious\domains\com\ideafarm\city\workshop\watcom\lib386\nt\clib3r.lib(abort.c)
00404025*      abort_
00404039       __terminate_
004071d4       ___abort
Module: d:\ideafarm.home.1\precious\domains\com\ideafarm\city\workshop\watcom\lib386\nt\clib3r.lib(nheapunl.c)
00404050       __UnlinkNHeap_
Module: d:\ideafarm.home.1\precious\domains\com\ideafarm\city\workshop\watcom\lib386\nt\clib3r.lib(_expand.c)
004040b0       __HeapManager_expand_
Module: d:\ideafarm.home.1\precious\domains\com\ideafarm\city\workshop\watcom\lib386\nt\clib3r.lib(isattwnt.c)
00404250       isatty_
Module: d:\ideafarm.home.1\precious\domains\com\ideafarm\city\workshop\watcom\lib386\nt\clib3r.lib(getenv.c)
00404270       getenv_
Module: d:\ideafarm.home.1\precious\domains\com\ideafarm\city\workshop\watcom\lib386\nt\clib3r.lib(strncpy.c)
00404310       strncpy_
Module: d:\ideafarm.home.1\precious\domains\com\ideafarm\city\workshop\watcom\lib386\nt\clib3r.lib(strtol.c)
00404560*      strtoul_
00404570       strtol_
Module: d:\ideafarm.home.1\precious\domains\com\ideafarm\city\workshop\watcom\lib386\nt\clib3r.lib(putenv.c)
00404580       putenv_
Module: d:\ideafarm.home.1\precious\domains\com\ideafarm\city\workshop\watcom\lib386\nt\clib3r.lib(mbterm.c)
00404730       _mbterm_
Module: d:\ideafarm.home.1\precious\domains\com\ideafarm\city\workshop\watcom\lib386\nt\clib3r.lib(mbsnextc.c)
00404770       _mbsnextc_
Module: d:\ideafarm.home.1\precious\domains\com\ideafarm\city\workshop\watcom\lib386\nt\clib3r.lib(mbcupper.c)
004047b0       _mbctoupper_
Module: d:\ideafarm.home.1\precious\domains\com\ideafarm\city\workshop\watcom\lib386\nt\clib3r.lib(mbsinc.c)
004047e0       _mbsinc_
Module: d:\ideafarm.home.1\precious\domains\com\ideafarm\city\workshop\watcom\lib386\nt\clib3r.lib(tolower.c)
0040480d       tolower_
Module: d:\ideafarm.home.1\precious\domains\com\ideafarm\city\workshop\watcom\lib386\nt\clib3r.lib(mbschr.c)
00404820       _mbschr_
Module: d:\ideafarm.home.1\precious\domains\com\ideafarm\city\workshop\watcom\lib386\nt\clib3r.lib(mbslen.c)
00404880       _mbslen_
Module: d:\ideafarm.home.1\precious\domains\com\ideafarm\city\workshop\watcom\lib386\nt\clib3r.lib(_putenv.c)
004048b0       __putenv_
Module: d:\ideafarm.home.1\precious\domains\com\ideafarm\city\workshop\watcom\lib386\nt\clib3r.lib(mbstowcs.c)
00404940       mbstowcs_
Module: d:\ideafarm.home.1\precious\domains\com\ideafarm\city\workshop\watcom\lib386\nt\clib3r.lib(_uputenv.c)
004049c0       __wputenv_
Module: d:\ideafarm.home.1\precious\domains\com\ideafarm\city\workshop\watcom\lib386\nt\clib3r.lib(mbisdbcs.c)
00407264       ___IsDBCS
Module: d:\ideafarm.home.1\precious\domains\com\ideafarm\city\workshop\watcom\lib386\nt\clib3r.lib(mbislead.c)
00404a30*      _ismbblead_
0040868c       ___MBCSIsTable
Module: d:\ideafarm.home.1\precious\domains\com\ideafarm\city\workshop\watcom\lib386\nt\clib3r.lib(mbconv.c)
00404a50       _mbvtop_
Module: d:\ideafarm.home.1\precious\domains\com\ideafarm\city\workshop\watcom\lib386\nt\clib3r.lib(mbclen.c)
00404a70       _mbclen_
Module: d:\ideafarm.home.1\precious\domains\com\ideafarm\city\workshop\watcom\lib386\nt\clib3r.lib(mbccmp.c)
00404aa0       _mbccmp_
Module: d:\ideafarm.home.1\precious\domains\com\ideafarm\city\workshop\watcom\lib386\nt\clib3r.lib(_findenv.c)
00404c20       __findenv_
Module: d:\ideafarm.home.1\precious\domains\com\ideafarm\city\workshop\watcom\lib386\nt\clib3r.lib(mbtowc.c)
00404d40       mbtowc_
Module: d:\ideafarm.home.1\precious\domains\com\ideafarm\city\workshop\watcom\lib386\nt\clib3r.lib(_ufinden.c)
00404e90       __wfindenv_
Module: d:\ideafarm.home.1\precious\domains\com\ideafarm\city\workshop\watcom\lib386\nt\clib3r.lib(mbinit.c)
00404f98       __mbinit_
00407268       ___MBCodePage
Module: d:\ideafarm.home.1\precious\domains\com\ideafarm\city\workshop\watcom\lib386\nt\clib3r.lib(memmove.c)
00405060       memmove_
Module: d:\ideafarm.home.1\precious\domains\com\ideafarm\city\workshop\watcom\lib386\nt\clib3r.lib(utoupper.c)
004050b3       towupper_


                        +----------------------+
                        |   Imported Symbols   |
                        +----------------------+

Symbol                              Module
======                              ======

W?threadLocalStorageNoTlsF$N(UIPN(UI)UIUIUIPNPNXAUIUIPNAUI)UI ideafarm.81000001.ipdos-wm
_GetStdHandle@4                     KERNEL32.DLL
_WriteFile@20                       KERNEL32.DLL
_GetVersion@0                       KERNEL32.DLL
_GetModuleHandleA@4                 KERNEL32.DLL
_GetProcAddress@8                   KERNEL32.DLL
_GetModuleFileNameA@12              KERNEL32.DLL
_GetCommandLineA@0                  KERNEL32.DLL
_GetCommandLineW@0                  KERNEL32.DLL
_ExitProcess@4                      KERNEL32.DLL
_GetCurrentThreadId@0               KERNEL32.DLL
_SetStdHandle@8                     KERNEL32.DLL
_CreateEventA@16                    KERNEL32.DLL
_CloseHandle@4                      KERNEL32.DLL
_GetModuleFileNameW@12              KERNEL32.DLL
_MultiByteToWideChar@24             KERNEL32.DLL
_LoadLibraryA@4                     KERNEL32.DLL
_SetUnhandledExceptionFilter@4      KERNEL32.DLL
_UnhandledExceptionFilter@4         KERNEL32.DLL
_VirtualQuery@12                    KERNEL32.DLL
_VirtualAlloc@16                    KERNEL32.DLL
_CreateFileA@28                     KERNEL32.DLL
_SetConsoleCtrlHandler@8            KERNEL32.DLL
_VirtualFree@12                     KERNEL32.DLL
_GetFileType@4                      KERNEL32.DLL
_SetEnvironmentVariableA@8          KERNEL32.DLL
_CharUpperA@4                       USER32.DLL
_GetACP@0                           KERNEL32.DLL
_GetOEMCP@0                         KERNEL32.DLL
_GetCPInfo@8                        KERNEL32.DLL


                        +--------------------+
                        |   Libraries Used   |
                        +--------------------+

d:\ideafarm.home.1\precious\domains\com\ideafarm\city\workshop\watcom\lib386\nt\kernel32.lib
d:\ideafarm.home.1\precious\domains\com\ideafarm\city\workshop\watcom\lib386\nt\user32.lib
D:\ideafarm.home.1\ephemeral\domains\com\ideafarm\city\park\exedll\1\master\ideafarm.81000001.ipdos-wl
d:\ideafarm.home.1\precious\domains\com\ideafarm\city\workshop\watcom\lib386\nt\plib3r.lib
d:\ideafarm.home.1\precious\domains\com\ideafarm\city\workshop\watcom\lib386\nt\clib3r.lib


                        +-----------------------+
                        |   Linker Statistics   |
                        +-----------------------+

Stack size:  00100000 (1048576.)
Memory size:  5ccf (23759.)
Entry point address: 004010d8
Link time: 00:00.78
