Open Watcom Linker Version 2.0 beta Jun  3 2018 17:07:56 (32-bit)
Copyright (c) 2002-2018 The Open Watcom Contributors. All Rights Reserved.
Portions Copyright (c) 1985-2002 Sybase, Inc. All Rights Reserved.
Created on:       20/02/20 12:44:22
Executable Image: bench.exe
creating a Windows NT character-mode executable


                        +------------+
                        |   Groups   |
                        +------------+

Group                           Address              Size
=====                           =======              ====

.idata                          00405000             0000034a
DGROUP                          00406000             0000174d



                        +--------------+
                        |   Segments   |
                        +--------------+

Segment                Class          Group          Address         Size
=======                =====          =====          =======         ====

BEGTEXT                CODE           AUTO           00401000        00000007
_TEXT                  CODE           AUTO           00401010        00003ee3
TRANSFER CODE          CODE           AUTO           00404ef4        000000ae
.idata                 .idata         .idata         00405000        0000034a
_NULL                  BEGDATA        DGROUP         00406000        00000004
_AFTERNULL             BEGDATA        DGROUP         00406004        00000000
CONST                  DATA           DGROUP         00406004        00000000
CONST2                 DATA           DGROUP         00406004        00000000
_DATA                  DATA           DGROUP         00406004        0000025c
XIB                    DATA           DGROUP         00406260        00000000
XI                     DATA           DGROUP         00406260        00000018
XIE                    DATA           DGROUP         00406278        00000000
YIB                    DATA           DGROUP         00406278        00000000
YI                     DATA           DGROUP         00406278        00000012
YIE                    DATA           DGROUP         0040628a        00000000
TIB                    DATA           DGROUP         0040628a        00000000
TI                     DATA           DGROUP         0040628a        00000000
TIE                    DATA           DGROUP         0040628a        00000000
DATA                   DATA           DGROUP         0040628a        00000000
_BSS                   BSS            DGROUP         00407000        0000074d


                        +----------------+
                        |   Memory Map   |
                        +----------------+

* = unreferenced symbol
+ = symbol only referenced locally

Address        Symbol
=======        ======

Module: bench.obj(d:\ideafarm.home.1\precious\domains\com\ideafarm\city\workshop\bench.baseless\bench.c)
00401010+      fooF_
00401034       main_
Module: t:\watcom\lib386\nt\clib3r.lib(stkwnt.asm)
00401089       __CHK
00401099*      __STK
004010c8*      __GRO
004010b8*      __STKOVERFLOW_
004010e8*      __alloca_probe
Module: t:\watcom\lib386\nt\clib3r.lib(cstrtwnt)
004010fc       _cstart_
004010fc*      mainCRTStartup
Module: t:\watcom\lib386\nt\clib3r.lib(xmsgwnt.c)
00401190*      __exit_with_msg_
004011f0       __fatal_runtime_error_
Module: t:\watcom\lib386\nt\clib3r.lib(snglthrd.c)
00406014       ___FirstThreadData
00406018       ___GetThreadPtr
Module: t:\watcom\lib386\nt\clib3r.lib(main2wnt.c)
00401220       __NTMain
Module: t:\watcom\lib386\nt\clib3r.lib(segdefns)
00401003       ___begtext
00406000*      __nullarea
00406260       __Start_XI
00406278       __End_XI
00406278       __Start_YI
0040628a       __End_YI
Module: t:\watcom\lib386\nt\clib3r.lib(mainwnt.c)
0040601c*      ___TlsIndex
00406020       __AccessFileH
00406024       __ReleaseFileH
00406028       __AccessIOB
0040602c       __ReleaseIOB
00406030       __AccessNHeap
00406034*      __AccessFHeap
00406038       __ReleaseNHeap
0040603c*      __ReleaseFHeap
00406040*      __AccessTDList
00406044*      __ReleaseTDList
004012e0*      __threadid_
00401300+      __NTInit_
00401520+      __NTFini_
004015a0       __NTMainInit_
00401600       __exit_
00406048       __AccessFList
0040604c       __ReleaseFList
00406050+      __ThreadExitRtn
00406054       ___sig_init_rtn
00406058       ___sig_fini_rtn
0040605c       ___process_fini
00407008       ___Is_DLL
Module: t:\watcom\lib386\nt\clib3r.lib(enterdb.c)
00401650       __EnterWVIDEO_
00406060+      ___WD_Present
Module: t:\watcom\lib386\nt\clib3r.lib(initrtns.c)
00401690       __InitRtns
004016e0       __FiniRtns
Module: t:\watcom\lib386\nt\clib3r.lib(mthrdini.c)
00401740       __InitThreadData_
00406064       ___ThreadDataSize
Module: t:\watcom\lib386\nt\clib3r.lib(memset.c)
00401770       memset_
Module: t:\watcom\lib386\nt\clib3r.lib(cmain386.c)
00401790       __CMain
Module: t:\watcom\lib386\nt\clib3r.lib(dosseg)
00001234       __DOSseg__
Module: t:\watcom\lib386\nt\clib3r.lib(hdlman.c)
00406068+      ___NHandles
0040606c+      ___OSHandles
00406070+      ___FakeHandles
004017d0+      __growPOSIXHandles_
00401870+      __allocPOSIXHandle_
00401930*      __freePOSIXHandle_
00401950       __getOSHandle_
00401960       __setOSHandle_
004019b0+      __NTGetFakeHandle_
00401a20       __initPOSIXHandles_
00401b00*      __set_handles_
00401b10*      _grow_handles_
Module: t:\watcom\lib386\nt\clib3r.lib(environ.c)
00407624       ___env_mask
00407628       _environ
0040762c       __wenviron
Module: t:\watcom\lib386\nt\clib3r.lib(crwdata)
004060bd       __osmajor
004060be       __osminor
00406084       __LpCmdLine
00406088       __LpPgmName
0040607c*      __dynend
00406080       __curbrk
004060ac*      __cbyte
004060b0*      __cbyte2
004060b4*      __child
004060b9       __Envptr
004060bf       __osbuild
004060c1       __osver
004060c5       __winmajor
004060c9       __winminor
004060cd       __winver
0040608c       __LpDllName
00406090       __LpwCmdLine
00406094       __LpwPgmName
00406098       __LpwDllName
0040609c*      __STACKLOW
004060a0       __STACKTOP
004060a4       __ASTACKSIZ
004060a8       __ASTACKPTR
004060b8*      __no87
004060d1       ___FPE_handler
Module: t:\watcom\lib386\nt\clib3r.lib(getmodfn.c)
00401b60       __lib_GetModuleFileNameW_
Module: t:\watcom\lib386\nt\clib3r.lib(strdup.c)
00401c00       __clib_strdup_
00401c00*      strdup_
Module: t:\watcom\lib386\nt\clib3r.lib(istable.c)
00401c40       __IsTable
Module: t:\watcom\lib386\nt\clib3r.lib(ustrdup.c)
00401d41       __clib_wcsdup_
00401d41*      _wcsdup_
Module: t:\watcom\lib386\nt\clib3r.lib(uisspace.c)
00401d68       iswspace_
Module: t:\watcom\lib386\nt\clib3r.lib(nfree.c)
00401d90       _nfree_
00401d90       free_
00407630       ___MiniHeapFreeRover
Module: t:\watcom\lib386\nt\clib3r.lib(excptwnt.c)
00402500+      ___ReportException@4
00402950       __DefaultExceptionHandler_
00402990+      ___ExceptionFilter
00402ba0       __NewExceptionFilter_
00402bd0       __DoneExceptionFilter_
004060d8       ___oscode_check_func
004060dc       ___raise_func
00407634*      _sw
00407638+      ___ExceptionHandled
00407639+      ___ReportInvoked
Module: t:\watcom\lib386\nt\clib3r.lib(stklmwnt.c)
00402c10       __init_stack_limits_
Module: t:\watcom\lib386\nt\clib3r.lib(__stos.asm)
00402c80       __STOSB
00402cb7*      __STOSD
Module: t:\watcom\lib386\nt\clib3r.lib(cinit.c)
00402d30       __CommonInit_
Module: t:\watcom\lib386\nt\clib3r.lib(___argc.c)
0040763c       ____Argc
00407640       ____Argv
Module: t:\watcom\lib386\nt\clib3r.lib(exit.c)
00402d40+      __null_int23_exit_
00402d41       exit_
00402d80*      _exit_
004060e0+      ___int23_exit
004060e4+      ___FPE_handler_exit
Module: t:\watcom\lib386\nt\clib3r.lib(nmalloc.c)
00402da0       _nmalloc_
00402da0       malloc_
004060e8       ___nheapbeg
004060ec       ___MiniHeapRover
004060f0       ___LargestSizeB4MiniHeapRover
Module: t:\watcom\lib386\nt\clib3r.lib(nrealloc.c)
00402ea0*      _nrealloc_
00402ea0       realloc_
Module: t:\watcom\lib386\nt\clib3r.lib(iomode.c)
00402f20       __GetIOMode_
00402f40*      __SetIOMode_nogrow_
004060f4       ___NFiles
004060f8       ___init_mode
00406148       ___io_mode
Module: t:\watcom\lib386\nt\clib3r.lib(stiomode.c)
00402f60       __grow_iomode_
00403030+      __shrink_iomode_
00403070       __SetIOMode_
Module: t:\watcom\lib386\nt\clib3r.lib(setenvp.c)
004030f0       __setenvp_
004031c0       __freeenvp_
Module: t:\watcom\lib386\nt\clib3r.lib(ustrlen.c)
0040320d       wcslen_
Module: t:\watcom\lib386\nt\clib3r.lib(memcpy.c)
00403220       memcpy_
Module: t:\watcom\lib386\nt\clib3r.lib(mem.c)
00403240       __MemAllocator
00403300       __MemFree
Module: t:\watcom\lib386\nt\clib3r.lib(alphabet.c)
00403450       ___Alphabet
Module: t:\watcom\lib386\nt\clib3r.lib(conutwnt.c)
00403490*      __NTRealKey_
00403540*      __NTConsoleInput_
00403550       __NTConsoleOutput_
Module: t:\watcom\lib386\nt\clib3r.lib(fclex387.c)
00403560       _ClearFPE_
Module: t:\watcom\lib386\nt\clib3r.lib(signlwnt.c)
00403770       __sigfpe_handler_
004037c0*      signal_
00403850+      raise_
Module: t:\watcom\lib386\nt\clib3r.lib(nmemneed.c)
00403970       __nmemneed_
Module: t:\watcom\lib386\nt\clib3r.lib(grownear.c)
00403ac0       __ExpandDGROUP_
Module: t:\watcom\lib386\nt\clib3r.lib(nmsize.c)
00403b00       _nmsize_
00403b00*      _msize_
Module: t:\watcom\lib386\nt\clib3r.lib(nexpand.c)
00403b10       _nexpand_
00403b10*      _expand_
Module: t:\watcom\lib386\nt\clib3r.lib(iomodtty.c)
00403b50       __ChkTTYIOMode_
00403b90*      __IOMode_
Module: t:\watcom\lib386\nt\clib3r.lib(dofilstr.c)
00403bd0       __ParsePosixHandleStr_
Module: t:\watcom\lib386\nt\clib3r.lib(clearenv.c)
00403cf0       clearenv_
Module: t:\watcom\lib386\nt\clib3r.lib(abort.c)
00403d95*      abort_
00403da9       __terminate_
004061c0       ___abort
Module: t:\watcom\lib386\nt\clib3r.lib(amblksiz.c)
004061c4       __amblksiz
Module: t:\watcom\lib386\nt\clib3r.lib(nheapmin.c)
00403dc0*      _nheapshrink_
00403dc0*      _nheapmin_
00403dc0*      _heapmin_
00403dc0*      _heapshrink_
00403e00       __nheapshrink_
Module: t:\watcom\lib386\nt\clib3r.lib(heapen.c)
00403e50*      _heapenable_
004061c8       ___heap_enabled
Module: t:\watcom\lib386\nt\clib3r.lib(_expand.c)
00403e80       __HeapManager_expand_
Module: t:\watcom\lib386\nt\clib3r.lib(isattwnt.c)
00404020       isatty_
Module: t:\watcom\lib386\nt\clib3r.lib(getenv.c)
00404040       getenv_
Module: t:\watcom\lib386\nt\clib3r.lib(strncpy.c)
004040e0       strncpy_
Module: t:\watcom\lib386\nt\clib3r.lib(strtol.c)
00404330*      strtoul_
00404340       strtol_
Module: t:\watcom\lib386\nt\clib3r.lib(putenv.c)
00404350       putenv_
Module: t:\watcom\lib386\nt\clib3r.lib(nheapunl.c)
00404500       __UnlinkNHeap_
Module: t:\watcom\lib386\nt\clib3r.lib(mbterm.c)
00404560       _mbterm_
Module: t:\watcom\lib386\nt\clib3r.lib(mbsnextc.c)
004045a0       _mbsnextc_
Module: t:\watcom\lib386\nt\clib3r.lib(mbcupper.c)
004045e0       _mbctoupper_
Module: t:\watcom\lib386\nt\clib3r.lib(mbsinc.c)
00404610       _mbsinc_
Module: t:\watcom\lib386\nt\clib3r.lib(tolower.c)
0040463d       tolower_
Module: t:\watcom\lib386\nt\clib3r.lib(mbschr.c)
00404650       _mbschr_
Module: t:\watcom\lib386\nt\clib3r.lib(mbslen.c)
004046b0       _mbslen_
Module: t:\watcom\lib386\nt\clib3r.lib(_putenv.c)
004046e0       __putenv_
Module: t:\watcom\lib386\nt\clib3r.lib(mbstowcs.c)
00404770       mbstowcs_
Module: t:\watcom\lib386\nt\clib3r.lib(_uputenv.c)
004047f0       __wputenv_
Module: t:\watcom\lib386\nt\clib3r.lib(mbisdbcs.c)
00406258       ___IsDBCS
Module: t:\watcom\lib386\nt\clib3r.lib(mbislead.c)
00404860*      _ismbblead_
0040764c       ___MBCSIsTable
Module: t:\watcom\lib386\nt\clib3r.lib(mbconv.c)
00404880       _mbvtop_
Module: t:\watcom\lib386\nt\clib3r.lib(mbclen.c)
004048a0       _mbclen_
Module: t:\watcom\lib386\nt\clib3r.lib(mbccmp.c)
004048d0       _mbccmp_
Module: t:\watcom\lib386\nt\clib3r.lib(_findenv.c)
00404a50       __findenv_
Module: t:\watcom\lib386\nt\clib3r.lib(mbtowc.c)
00404b70       mbtowc_
Module: t:\watcom\lib386\nt\clib3r.lib(_ufinden.c)
00404cc0       __wfindenv_
Module: t:\watcom\lib386\nt\clib3r.lib(mbinit.c)
00404dc8       __mbinit_
0040625c       ___MBCodePage
Module: t:\watcom\lib386\nt\clib3r.lib(memmove.c)
00404e90       memmove_
Module: t:\watcom\lib386\nt\clib3r.lib(utoupper.c)
00404ee3       towupper_


                        +----------------------+
                        |   Imported Symbols   |
                        +----------------------+

Symbol                              Module
======                              ======

_GetStdHandle@4                     KERNEL32.DLL
_WriteFile@20                       KERNEL32.DLL
_GetVersion@0                       KERNEL32.DLL
_GetModuleHandleA@4                 KERNEL32.DLL
_GetProcAddress@8                   KERNEL32.DLL
_GetModuleFileNameA@12              KERNEL32.DLL
_GetCommandLineA@0                  KERNEL32.DLL
_GetCommandLineW@0                  KERNEL32.DLL
_ExitProcess@4                      KERNEL32.DLL
_GetCurrentThreadId@0               KERNEL32.DLL
_SetStdHandle@8                     KERNEL32.DLL
_CreateEventA@16                    KERNEL32.DLL
_CloseHandle@4                      KERNEL32.DLL
_GetModuleFileNameW@12              KERNEL32.DLL
_MultiByteToWideChar@24             KERNEL32.DLL
_LoadLibraryA@4                     KERNEL32.DLL
_SetUnhandledExceptionFilter@4      KERNEL32.DLL
_UnhandledExceptionFilter@4         KERNEL32.DLL
_VirtualQuery@12                    KERNEL32.DLL
_CreateFileA@28                     KERNEL32.DLL
_SetConsoleCtrlHandler@8            KERNEL32.DLL
_VirtualAlloc@16                    KERNEL32.DLL
_VirtualFree@12                     KERNEL32.DLL
_GetFileType@4                      KERNEL32.DLL
_SetEnvironmentVariableA@8          KERNEL32.DLL
_CharUpperA@4                       USER32.DLL
_GetACP@0                           KERNEL32.DLL
_GetOEMCP@0                         KERNEL32.DLL
_GetCPInfo@8                        KERNEL32.DLL


                        +--------------------+
                        |   Libraries Used   |
                        +--------------------+

t:\watcom\lib386\nt\kernel32.lib
t:\watcom\lib386\nt\user32.lib
t:\watcom\lib386\nt\clib3r.lib


                        +-----------------------+
                        |   Linker Statistics   |
                        +-----------------------+

Stack size:  00100000 (1048576.)
Memory size:  5a39 (23097.)
Entry point address: 004010fc
Link time: 00:00.97
