Open Watcom Linker Version 2.0 beta Jun  3 2018 17:07:56 (32-bit)
Copyright (c) 2002-2018 The Open Watcom Contributors. All Rights Reserved.
Portions Copyright (c) 1985-2002 Sybase, Inc. All Rights Reserved.
Created on:       18/09/08 16:58:11
Executable Image: bench.exe
creating a Windows NT character-mode executable


                        +------------+
                        |   Groups   |
                        +------------+

Group                           Address              Size
=====                           =======              ====

.idata                          00405000             0000039a
DGROUP                          00406000             00001775



                        +--------------+
                        |   Segments   |
                        +--------------+

Segment                Class          Group          Address         Size
=======                =====          =====          =======         ====

BEGTEXT                CODE           AUTO           00401000        00000007
_TEXT                  CODE           AUTO           00401010        00003eb3
TRANSFER CODE          CODE           AUTO           00404ec4        000000b4
.idata                 .idata         .idata         00405000        0000039a
_NULL                  BEGDATA        DGROUP         00406000        00000004
_AFTERNULL             BEGDATA        DGROUP         00406004        00000000
CONST                  DATA           DGROUP         00406004        00000000
CONST2                 DATA           DGROUP         00406010        00000000
_DATA                  DATA           DGROUP         00406010        0000025c
XIB                    DATA           DGROUP         0040626c        00000000
XI                     DATA           DGROUP         0040626c        0000001e
XIE                    DATA           DGROUP         0040628a        00000000
YIB                    DATA           DGROUP         0040628a        00000000
YI                     DATA           DGROUP         0040628a        00000012
YIE                    DATA           DGROUP         0040629c        00000000
TIB                    DATA           DGROUP         0040629c        00000000
TI                     DATA           DGROUP         0040629c        00000000
TIE                    DATA           DGROUP         0040629c        00000000
DATA                   DATA           DGROUP         0040629c        00000000
_BSS                   BSS            DGROUP         00407000        00000775


                        +----------------+
                        |   Memory Map   |
                        +----------------+

* = unreferenced symbol
+ = symbol only referenced locally

Address        Symbol
=======        ======

Module: bench.obj(D:\ideafarm.home.1\precious\domains\com\ideafarm\city\workshop\bench.based\bench.cpp)
00401010       main_
Module: d:\watcom\lib386\nt\clib3r.lib(stkwnt.asm)
00401049       __CHK
00401059*      __STK
00401088*      __GRO
00401078*      __STKOVERFLOW_
004010a8*      __alloca_probe
Module: d:\watcom\lib386\nt\clib3r.lib(cstrtwnt)
004010bc       _cstart_
004010bc*      mainCRTStartup
Module: d:\watcom\lib386\nt\plib3r.lib(fsroot.cpp)
00406272       ___wcpp_4_data_init_fs_root_
Module: d:\watcom\lib386\nt\clib3r.lib(xmsgwnt.c)
00401160*      __exit_with_msg_
004011c0       __fatal_runtime_error_
Module: d:\watcom\lib386\nt\clib3r.lib(snglthrd.c)
00406020       ___FirstThreadData
00406024       ___GetThreadPtr
Module: d:\watcom\lib386\nt\clib3r.lib(main2wnt.c)
004011f0       __NTMain
Module: d:\watcom\lib386\nt\clib3r.lib(segdefns)
00401003       ___begtext
00406000*      __nullarea
0040626c       __Start_XI
0040628a       __End_XI
0040628a       __Start_YI
0040629c       __End_YI
Module: d:\watcom\lib386\nt\plib3r.lib(cppdata.cpp)
00407000       __wint_thread_data
00407024*      __compiled_under_NT
Module: d:\watcom\lib386\nt\clib3r.lib(mainwnt.c)
00406028*      ___TlsIndex
0040602c       __AccessFileH
00406030       __ReleaseFileH
00406034       __AccessIOB
00406038       __ReleaseIOB
0040603c       __AccessNHeap
00406040*      __AccessFHeap
00406044       __ReleaseNHeap
00406048*      __ReleaseFHeap
0040604c*      __AccessTDList
00406050*      __ReleaseTDList
004012b0*      __threadid_
004012d0+      __NTInit_
004014f0+      __NTFini_
00401570       __NTMainInit_
004015d0       __exit_
00406054       __AccessFList
00406058       __ReleaseFList
0040605c+      __ThreadExitRtn
00406060       ___sig_init_rtn
00406064       ___sig_fini_rtn
00406068       ___process_fini
00407030       ___Is_DLL
Module: d:\watcom\lib386\nt\clib3r.lib(enterdb.c)
00401620       __EnterWVIDEO_
0040606c+      ___WD_Present
Module: d:\watcom\lib386\nt\clib3r.lib(initrtns.c)
00401660       __InitRtns
004016b0       __FiniRtns
Module: d:\watcom\lib386\nt\clib3r.lib(mthrdini.c)
00401710       __InitThreadData_
00406070       ___ThreadDataSize
Module: d:\watcom\lib386\nt\clib3r.lib(memset.c)
00401740       memset_
Module: d:\watcom\lib386\nt\clib3r.lib(cmain386.c)
00401760       __CMain
Module: d:\watcom\lib386\nt\clib3r.lib(dosseg)
00001234       __DOSseg__
Module: d:\watcom\lib386\nt\clib3r.lib(hdlman.c)
00406074+      ___NHandles
00406078+      ___OSHandles
0040607c+      ___FakeHandles
004017a0+      __growPOSIXHandles_
00401840+      __allocPOSIXHandle_
00401900*      __freePOSIXHandle_
00401920       __getOSHandle_
00401930       __setOSHandle_
00401980+      __NTGetFakeHandle_
004019f0       __initPOSIXHandles_
00401ad0*      __set_handles_
00401ae0*      _grow_handles_
Module: d:\watcom\lib386\nt\clib3r.lib(environ.c)
0040764c       ___env_mask
00407650       _environ
00407654       __wenviron
Module: d:\watcom\lib386\nt\clib3r.lib(crwdata)
004060c9       __osmajor
004060ca       __osminor
00406090       __LpCmdLine
00406094       __LpPgmName
00406088*      __dynend
0040608c       __curbrk
004060b8*      __cbyte
004060bc*      __cbyte2
004060c0*      __child
004060c5       __Envptr
004060cb       __osbuild
004060cd       __osver
004060d1       __winmajor
004060d5       __winminor
004060d9       __winver
00406098       __LpDllName
0040609c       __LpwCmdLine
004060a0       __LpwPgmName
004060a4       __LpwDllName
004060a8*      __STACKLOW
004060ac       __STACKTOP
004060b0       __ASTACKSIZ
004060b4       __ASTACKPTR
004060c4*      __no87
004060dd       ___FPE_handler
Module: d:\watcom\lib386\nt\clib3r.lib(getmodfn.c)
00401b30       __lib_GetModuleFileNameW_
Module: d:\watcom\lib386\nt\clib3r.lib(strdup.c)
00401bd0       __clib_strdup_
00401bd0*      strdup_
Module: d:\watcom\lib386\nt\clib3r.lib(istable.c)
00401c10       __IsTable
Module: d:\watcom\lib386\nt\clib3r.lib(ustrdup.c)
00401d11       __clib_wcsdup_
00401d11*      _wcsdup_
Module: d:\watcom\lib386\nt\clib3r.lib(uisspace.c)
00401d38       iswspace_
Module: d:\watcom\lib386\nt\clib3r.lib(nfree.c)
00401d60       _nfree_
00401d60       free_
00407658       ___MiniHeapFreeRover
Module: d:\watcom\lib386\nt\clib3r.lib(excptwnt.c)
004024d0+      ___ReportException@4
00402920       __DefaultExceptionHandler_
00402960+      ___ExceptionFilter
00402b70       __NewExceptionFilter_
00402ba0       __DoneExceptionFilter_
004060e4       ___oscode_check_func
004060e8       ___raise_func
0040765c*      _sw
00407660+      ___ExceptionHandled
00407661+      ___ReportInvoked
Module: d:\watcom\lib386\nt\clib3r.lib(stklmwnt.c)
00402be0       __init_stack_limits_
Module: d:\watcom\lib386\nt\clib3r.lib(__stos.asm)
00402c50       __STOSB
00402c87*      __STOSD
Module: d:\watcom\lib386\nt\clib3r.lib(cinit.c)
00402d00       __CommonInit_
Module: d:\watcom\lib386\nt\clib3r.lib(___argc.c)
00407664       ____Argc
00407668       ____Argv
Module: d:\watcom\lib386\nt\clib3r.lib(exit.c)
00402d10+      __null_int23_exit_
00402d11       exit_
00402d50*      _exit_
004060ec+      ___int23_exit
004060f0+      ___FPE_handler_exit
Module: d:\watcom\lib386\nt\clib3r.lib(nmalloc.c)
00402d70       _nmalloc_
00402d70       malloc_
004060f4       ___nheapbeg
004060f8       ___MiniHeapRover
004060fc       ___LargestSizeB4MiniHeapRover
Module: d:\watcom\lib386\nt\clib3r.lib(nrealloc.c)
00402e70*      _nrealloc_
00402e70       realloc_
Module: d:\watcom\lib386\nt\clib3r.lib(iomode.c)
00402ef0       __GetIOMode_
00402f10*      __SetIOMode_nogrow_
00406100       ___NFiles
00406104       ___init_mode
00406154       ___io_mode
Module: d:\watcom\lib386\nt\clib3r.lib(stiomode.c)
00402f30       __grow_iomode_
00403000+      __shrink_iomode_
00403040       __SetIOMode_
Module: d:\watcom\lib386\nt\clib3r.lib(setenvp.c)
004030c0       __setenvp_
00403190       __freeenvp_
Module: d:\watcom\lib386\nt\clib3r.lib(ustrlen.c)
004031dd       wcslen_
Module: d:\watcom\lib386\nt\clib3r.lib(memcpy.c)
004031f0       memcpy_
Module: d:\watcom\lib386\nt\clib3r.lib(mem.c)
00403210       __MemAllocator
004032d0       __MemFree
Module: d:\watcom\lib386\nt\clib3r.lib(alphabet.c)
00403420       ___Alphabet
Module: d:\watcom\lib386\nt\clib3r.lib(conutwnt.c)
00403460*      __NTRealKey_
00403510*      __NTConsoleInput_
00403520       __NTConsoleOutput_
Module: d:\watcom\lib386\nt\clib3r.lib(fclex387.c)
00403530       _ClearFPE_
Module: d:\watcom\lib386\nt\clib3r.lib(signlwnt.c)
00403740       __sigfpe_handler_
00403790*      signal_
00403820+      raise_
Module: d:\watcom\lib386\nt\clib3r.lib(nmemneed.c)
00403940       __nmemneed_
Module: d:\watcom\lib386\nt\clib3r.lib(grownear.c)
00403a90       __ExpandDGROUP_
Module: d:\watcom\lib386\nt\clib3r.lib(nmsize.c)
00403ad0       _nmsize_
00403ad0*      _msize_
Module: d:\watcom\lib386\nt\clib3r.lib(nexpand.c)
00403ae0       _nexpand_
00403ae0*      _expand_
Module: d:\watcom\lib386\nt\clib3r.lib(iomodtty.c)
00403b20       __ChkTTYIOMode_
00403b60*      __IOMode_
Module: d:\watcom\lib386\nt\clib3r.lib(dofilstr.c)
00403ba0       __ParsePosixHandleStr_
Module: d:\watcom\lib386\nt\clib3r.lib(clearenv.c)
00403cc0       clearenv_
Module: d:\watcom\lib386\nt\clib3r.lib(abort.c)
00403d65*      abort_
00403d79       __terminate_
004061cc       ___abort
Module: d:\watcom\lib386\nt\clib3r.lib(amblksiz.c)
004061d0       __amblksiz
Module: d:\watcom\lib386\nt\clib3r.lib(nheapmin.c)
00403d90*      _nheapshrink_
00403d90*      _nheapmin_
00403d90*      _heapmin_
00403d90*      _heapshrink_
00403dd0       __nheapshrink_
Module: d:\watcom\lib386\nt\clib3r.lib(heapen.c)
00403e20*      _heapenable_
004061d4       ___heap_enabled
Module: d:\watcom\lib386\nt\clib3r.lib(_expand.c)
00403e50       __HeapManager_expand_
Module: d:\watcom\lib386\nt\clib3r.lib(isattwnt.c)
00403ff0       isatty_
Module: d:\watcom\lib386\nt\clib3r.lib(getenv.c)
00404010       getenv_
Module: d:\watcom\lib386\nt\clib3r.lib(strncpy.c)
004040b0       strncpy_
Module: d:\watcom\lib386\nt\clib3r.lib(strtol.c)
00404300*      strtoul_
00404310       strtol_
Module: d:\watcom\lib386\nt\clib3r.lib(putenv.c)
00404320       putenv_
Module: d:\watcom\lib386\nt\clib3r.lib(nheapunl.c)
004044d0       __UnlinkNHeap_
Module: d:\watcom\lib386\nt\clib3r.lib(mbterm.c)
00404530       _mbterm_
Module: d:\watcom\lib386\nt\clib3r.lib(mbsnextc.c)
00404570       _mbsnextc_
Module: d:\watcom\lib386\nt\clib3r.lib(mbcupper.c)
004045b0       _mbctoupper_
Module: d:\watcom\lib386\nt\clib3r.lib(mbsinc.c)
004045e0       _mbsinc_
Module: d:\watcom\lib386\nt\clib3r.lib(tolower.c)
0040460d       tolower_
Module: d:\watcom\lib386\nt\clib3r.lib(mbschr.c)
00404620       _mbschr_
Module: d:\watcom\lib386\nt\clib3r.lib(mbslen.c)
00404680       _mbslen_
Module: d:\watcom\lib386\nt\clib3r.lib(_putenv.c)
004046b0       __putenv_
Module: d:\watcom\lib386\nt\clib3r.lib(mbstowcs.c)
00404740       mbstowcs_
Module: d:\watcom\lib386\nt\clib3r.lib(_uputenv.c)
004047c0       __wputenv_
Module: d:\watcom\lib386\nt\clib3r.lib(mbisdbcs.c)
00406264       ___IsDBCS
Module: d:\watcom\lib386\nt\clib3r.lib(mbislead.c)
00404830*      _ismbblead_
00407674       ___MBCSIsTable
Module: d:\watcom\lib386\nt\clib3r.lib(mbconv.c)
00404850       _mbvtop_
Module: d:\watcom\lib386\nt\clib3r.lib(mbclen.c)
00404870       _mbclen_
Module: d:\watcom\lib386\nt\clib3r.lib(mbccmp.c)
004048a0       _mbccmp_
Module: d:\watcom\lib386\nt\clib3r.lib(_findenv.c)
00404a20       __findenv_
Module: d:\watcom\lib386\nt\clib3r.lib(mbtowc.c)
00404b40       mbtowc_
Module: d:\watcom\lib386\nt\clib3r.lib(_ufinden.c)
00404c90       __wfindenv_
Module: d:\watcom\lib386\nt\clib3r.lib(mbinit.c)
00404d98       __mbinit_
00406268       ___MBCodePage
Module: d:\watcom\lib386\nt\clib3r.lib(memmove.c)
00404e60       memmove_
Module: d:\watcom\lib386\nt\clib3r.lib(utoupper.c)
00404eb3       towupper_


                        +----------------------+
                        |   Imported Symbols   |
                        +----------------------+

Symbol                              Module
======                              ======

W?debugF$N()V                       ideafarm.81000001.ipdos-wm
_GetStdHandle@4                     KERNEL32.DLL
_WriteFile@20                       KERNEL32.DLL
_GetVersion@0                       KERNEL32.DLL
_GetModuleHandleA@4                 KERNEL32.DLL
_GetProcAddress@8                   KERNEL32.DLL
_GetModuleFileNameA@12              KERNEL32.DLL
_GetCommandLineA@0                  KERNEL32.DLL
_GetCommandLineW@0                  KERNEL32.DLL
_ExitProcess@4                      KERNEL32.DLL
_GetCurrentThreadId@0               KERNEL32.DLL
_SetStdHandle@8                     KERNEL32.DLL
_CreateEventA@16                    KERNEL32.DLL
_CloseHandle@4                      KERNEL32.DLL
_GetModuleFileNameW@12              KERNEL32.DLL
_MultiByteToWideChar@24             KERNEL32.DLL
_LoadLibraryA@4                     KERNEL32.DLL
_SetUnhandledExceptionFilter@4      KERNEL32.DLL
_UnhandledExceptionFilter@4         KERNEL32.DLL
_VirtualQuery@12                    KERNEL32.DLL
_CreateFileA@28                     KERNEL32.DLL
_SetConsoleCtrlHandler@8            KERNEL32.DLL
_VirtualAlloc@16                    KERNEL32.DLL
_VirtualFree@12                     KERNEL32.DLL
_GetFileType@4                      KERNEL32.DLL
_SetEnvironmentVariableA@8          KERNEL32.DLL
_CharUpperA@4                       USER32.DLL
_GetACP@0                           KERNEL32.DLL
_GetOEMCP@0                         KERNEL32.DLL
_GetCPInfo@8                        KERNEL32.DLL


                        +--------------------+
                        |   Libraries Used   |
                        +--------------------+

d:\watcom\lib386\nt\kernel32.lib
d:\watcom\lib386\nt\user32.lib
D:\ideafarm.home.1\ephemeral\domains\com\ideafarm\city\park\exedll\1\master\ideafarm.81000001.ipdos-wl
d:\watcom\lib386\nt\plib3r.lib
d:\watcom\lib386\nt\clib3r.lib


                        +-----------------------+
                        |   Linker Statistics   |
                        +-----------------------+

Stack size:  00100000 (1048576.)
Memory size:  5a87 (23175.)
Entry point address: 004010bc
Link time: 00:00.63
